// Jest Snapshot v1, https://goo.gl/fbAQLP

exports[`displays FPS data and scoring 1`] = `
"Auto-Detect
Pid ID: 
123456
Stop Measuring
Reset
Results
Score
47
Average Test Runtime
Time taken to run the test.
Can be helpful to measure Time To Interactive of your app, if the test is checking app start for instance.
1000ms
Average FPS
Frame Per Second. Your app should display 60 Frames Per Second to give an impression of fluidity. This number should be close to 60, otherwise it will seem laggy. 
See
 
this video
 
for more details
60
Average CPU usage
An app might run at 60FPS but might be using too much processing power, so it's important to check CPU usage.
 Depending on the device, this value can go up to
 
100% x number of cores
. For instance, a Samsung A10s has 4 cores, so the max value would be 400%.
84%
Processes with high CPU usage detected
Your app might have low CPU usage overall but if one process is saturating a CPU core (using close to 100% CPU), you’re likely to experience unresponsiveness, for instance the app not responding to touch events.
One example of this is the JS thread being overworked in a React Native app, the app will become completely unresponsive even though FPS could still be 60.
Total: 
0.5
s
mqt_js
 for
 
0.5
s
Average RAM usage
If an app consumes a large amount of RAM (random-access memory), it can impact the overall performance of the device and drain the battery more quickly.
It’s worth noting that results might be higher than expected since we measure RSS and not PSS (See
 
here for more details
)
375.8MB
FPS
CPU
Threads
RAM"
`;

exports[`displays FPS data and scoring 2`] = `
<body>
  <div>
    <header
      class="MuiPaper-root MuiPaper-elevation MuiPaper-elevation4 MuiAppBar-root MuiAppBar-colorPrimary MuiAppBar-positionRelative css-1vazdj7-MuiPaper-root-MuiAppBar-root"
    >
      <div
        style="flex-direction: row; display: flex; align-items: center; padding: 10px;"
      >
        <button
          class="MuiButton-root MuiButton-contained MuiButton-containedSecondary MuiButton-sizeMedium MuiButton-containedSizeMedium MuiButtonBase-root  css-zcbmsk-MuiButtonBase-root-MuiButton-root"
          tabindex="0"
          type="button"
        >
          Auto-Detect
          <span
            class="MuiTouchRipple-root css-8je8zh-MuiTouchRipple-root"
          />
        </button>
        <div
          style="padding-right: 5px; padding-left: 5px;"
        >
          <div
            class="css-6jtk0h"
          >
            <div
              class="css-ci6nnc"
            >
              <svg
                aria-hidden="true"
                class="MuiSvgIcon-root MuiSvgIcon-fontSizeMedium css-i4bv87-MuiSvgIcon-root"
                data-testid="AndroidRoundedIcon"
                focusable="false"
                viewBox="0 0 24 24"
              >
                <path
                  d="m17.6 9.48 1.84-3.18c.16-.31.04-.69-.26-.85-.29-.15-.65-.06-.83.22l-1.88 3.24c-2.86-1.21-6.08-1.21-8.94 0L5.65 5.67c-.19-.29-.58-.38-.87-.2-.28.18-.37.54-.22.83L6.4 9.48C3.3 11.25 1.28 14.44 1 18h22c-.28-3.56-2.3-6.75-5.4-8.52zM7 15.25c-.69 0-1.25-.56-1.25-1.25s.56-1.25 1.25-1.25 1.25.56 1.25 1.25-.56 1.25-1.25 1.25zm10 0c-.69 0-1.25-.56-1.25-1.25s.56-1.25 1.25-1.25 1.25.56 1.25 1.25-.56 1.25-1.25 1.25z"
                />
              </svg>
            </div>
            <div
              class="MuiInputBase-root MuiInputBase-colorPrimary css-18nogfb-MuiInputBase-root"
            >
              <input
                class="MuiInputBase-input css-yz9k0d-MuiInputBase-input"
                placeholder="Fill in your app bundle id"
                type="text"
                value="com.example"
              />
            </div>
          </div>
        </div>
        <svg
          aria-hidden="true"
          class="MuiSvgIcon-root MuiSvgIcon-fontSizeMedium css-i4bv87-MuiSvgIcon-root"
          data-testid="CheckCircleOutlineIcon"
          focusable="false"
          style="color: rgb(75, 181, 67); margin-right: 10px;"
          viewBox="0 0 24 24"
        >
          <path
            d="M16.59 7.58 10 14.17l-3.59-3.58L5 12l5 5 8-8zM12 2C6.48 2 2 6.48 2 12s4.48 10 10 10 10-4.48 10-10S17.52 2 12 2zm0 18c-4.42 0-8-3.58-8-8s3.58-8 8-8 8 3.58 8 8-3.58 8-8 8z"
          />
        </svg>
        Pid ID: 
        123456
      </div>
    </header>
    <div
      style="margin: 10px;"
    >
      <button
        class="MuiButton-root MuiButton-contained MuiButton-containedSecondary MuiButton-sizeMedium MuiButton-containedSizeMedium MuiButtonBase-root  css-zcbmsk-MuiButtonBase-root-MuiButton-root"
        tabindex="0"
        type="button"
      >
        <span
          class="MuiButton-startIcon MuiButton-iconSizeMedium css-1d6wzja-MuiButton-startIcon"
        >
          <svg
            aria-hidden="true"
            class="MuiSvgIcon-root MuiSvgIcon-fontSizeMedium css-i4bv87-MuiSvgIcon-root"
            data-testid="StopIcon"
            focusable="false"
            viewBox="0 0 24 24"
          >
            <path
              d="M6 6h12v12H6z"
            />
          </svg>
        </span>
        Stop Measuring
        <span
          class="MuiTouchRipple-root css-8je8zh-MuiTouchRipple-root"
        />
      </button>
      <button
        class="MuiButton-root MuiButton-contained MuiButton-containedWarning MuiButton-sizeMedium MuiButton-containedSizeMedium MuiButtonBase-root  css-1qtu9q6-MuiButtonBase-root-MuiButton-root"
        tabindex="0"
        type="button"
      >
        <span
          class="MuiButton-startIcon MuiButton-iconSizeMedium css-1d6wzja-MuiButton-startIcon"
        >
          <svg
            aria-hidden="true"
            class="MuiSvgIcon-root MuiSvgIcon-fontSizeMedium css-i4bv87-MuiSvgIcon-root"
            data-testid="DeleteIcon"
            focusable="false"
            viewBox="0 0 24 24"
          >
            <path
              d="M6 19c0 1.1.9 2 2 2h8c1.1 0 2-.9 2-2V7H6v12zM19 4h-3.5l-1-1h-5l-1 1H5v2h14V4z"
            />
          </svg>
        </span>
        Reset
        <span
          class="MuiTouchRipple-root css-8je8zh-MuiTouchRipple-root"
        />
      </button>
    </div>
    <div
      class="css-1v8x7dw"
    >
      <button
        aria-haspopup="true"
        class="MuiButtonBase-root MuiIconButton-root MuiIconButton-sizeMedium css-78trlr-MuiButtonBase-root-MuiIconButton-root"
        id="export-menu-button"
        style="float: right;"
        tabindex="0"
        type="button"
      >
        <svg
          aria-hidden="true"
          class="MuiSvgIcon-root MuiSvgIcon-fontSizeInherit css-1vooibu-MuiSvgIcon-root"
          data-testid="MoreVertIcon"
          focusable="false"
          viewBox="0 0 24 24"
        >
          <path
            d="M12 8c1.1 0 2-.9 2-2s-.9-2-2-2-2 .9-2 2 .9 2 2 2zm0 2c-1.1 0-2 .9-2 2s.9 2 2 2 2-.9 2-2-.9-2-2-2zm0 6c-1.1 0-2 .9-2 2s.9 2 2 2 2-.9 2-2-.9-2-2-2z"
          />
        </svg>
        <span
          class="MuiTouchRipple-root css-8je8zh-MuiTouchRipple-root"
        />
      </button>
      <div
        class="css-1xehky4"
      />
      <div
        class="MuiPaper-root MuiPaper-elevation MuiPaper-rounded MuiPaper-elevation1 MuiTableContainer-root css-11xur9t-MuiPaper-root-MuiTableContainer-root"
      >
        <table
          aria-label="simple table"
          class="MuiTable-root css-1anlgyr-MuiTable-root"
        >
          <thead
            class="MuiTableHead-root css-15wwp11-MuiTableHead-root"
          >
            <tr
              class="MuiTableRow-root MuiTableRow-head css-1q1u3t4-MuiTableRow-root"
            >
              <th
                class="MuiTableCell-root MuiTableCell-head MuiTableCell-sizeMedium css-1fgflyl-MuiTableCell-root"
                scope="col"
              />
              <th
                class="MuiTableCell-root MuiTableCell-head MuiTableCell-alignRight MuiTableCell-sizeMedium css-2scw9v-MuiTableCell-root"
                scope="col"
              >
                <button
                  aria-label="Save as JSON"
                  class="MuiButton-root MuiButton-text MuiButton-textPrimary MuiButton-sizeSmall MuiButton-textSizeSmall MuiButtonBase-root  css-1mk0oes-MuiButtonBase-root-MuiButton-root"
                  data-mui-internal-clone-element="true"
                  tabindex="0"
                  type="button"
                >
                  <span
                    class="MuiButton-startIcon MuiButton-iconSizeSmall css-y6rp3m-MuiButton-startIcon"
                  >
                    <svg
                      aria-hidden="true"
                      class="MuiSvgIcon-root MuiSvgIcon-fontSizeMedium css-i4bv87-MuiSvgIcon-root"
                      data-testid="FileDownloadIcon"
                      focusable="false"
                      viewBox="0 0 24 24"
                    >
                      <path
                        d="M19 9h-4V3H9v6H5l7 7 7-7zM5 18v2h14v-2H5z"
                      />
                    </svg>
                  </span>
                  Results
                  <span
                    class="MuiTouchRipple-root css-8je8zh-MuiTouchRipple-root"
                  />
                </button>
              </th>
            </tr>
          </thead>
          <tbody
            class="MuiTableBody-root css-apqrd9-MuiTableBody-root"
          >
            <tr
              class="MuiTableRow-root css-34nofg-MuiTableRow-root"
            >
              <th
                class="MuiTableCell-root MuiTableCell-body MuiTableCell-sizeMedium css-gvg19x-MuiTableCell-root"
                scope="row"
              >
                Score
              </th>
              <td
                class="MuiTableCell-root MuiTableCell-body MuiTableCell-alignRight MuiTableCell-sizeMedium css-1umlcas-MuiTableCell-root"
              >
                <div
                  class="MuiBox-root css-rmz4vk"
                >
                  <span
                    aria-valuenow="47"
                    class="MuiCircularProgress-root MuiCircularProgress-determinate MuiCircularProgress-colorPrimary css-1rn30mb-MuiCircularProgress-root"
                    role="progressbar"
                    style="width: 80px; height: 80px; transform: rotate(-90deg); color: rgb(255, 65, 54);"
                  >
                    <svg
                      class="MuiCircularProgress-svg css-1idz92c-MuiCircularProgress-svg"
                      viewBox="22 22 44 44"
                    >
                      <circle
                        class="MuiCircularProgress-circle MuiCircularProgress-circleDeterminate css-oxts8u-MuiCircularProgress-circle"
                        cx="44"
                        cy="44"
                        fill="none"
                        r="20.2"
                        stroke-width="3.6"
                        style="stroke-dasharray: 126.920; stroke-dashoffset: 67.268px;"
                      />
                    </svg>
                  </span>
                  <div
                    class="MuiBox-root css-1o8dslu"
                  >
                    <div
                      class="MuiTypography-root MuiTypography-caption css-4ii6uc-MuiTypography-root"
                      style="font-size: 28px; color: rgb(255, 65, 54);"
                    >
                      47
                    </div>
                  </div>
                </div>
              </td>
            </tr>
            <tr
              class="MuiTableRow-root css-34nofg-MuiTableRow-root"
            >
              <th
                class="MuiTableCell-root MuiTableCell-body MuiTableCell-sizeMedium css-gvg19x-MuiTableCell-root"
                scope="row"
              >
                <div
                  class="MuiPaper-root MuiPaper-elevation MuiPaper-rounded MuiPaper-elevation0 MuiAccordion-root MuiAccordion-rounded css-9sgtv1-MuiPaper-root-MuiAccordion-root"
                >
                  <div
                    aria-expanded="false"
                    class="MuiButtonBase-root MuiAccordionSummary-root css-1m6wnpa-MuiButtonBase-root-MuiAccordionSummary-root"
                    role="button"
                    tabindex="0"
                  >
                    <div
                      class="MuiAccordionSummary-content css-1betqn-MuiAccordionSummary-content"
                    >
                      Average Test Runtime
                    </div>
                    <div
                      class="MuiAccordionSummary-expandIconWrapper css-yw020d-MuiAccordionSummary-expandIconWrapper"
                    >
                      <div
                        class="css-1iy8n0h"
                      >
                        <span />
                        <span />
                      </div>
                    </div>
                  </div>
                  <div
                    class="MuiCollapse-root MuiCollapse-vertical MuiCollapse-hidden css-bz4dnt-MuiCollapse-root"
                    style="min-height: 0px;"
                  >
                    <div
                      class="MuiCollapse-wrapper MuiCollapse-vertical css-smkl36-MuiCollapse-wrapper"
                    >
                      <div
                        class="MuiCollapse-wrapperInner MuiCollapse-vertical css-9l5vo-MuiCollapse-wrapperInner"
                      >
                        <div
                          class="MuiAccordion-region"
                          role="region"
                        >
                          <div
                            class="MuiAccordionDetails-root css-15v22id-MuiAccordionDetails-root"
                            style="padding: 2px;"
                          >
                            <div
                              style="font-weight: normal; color: rgb(51, 51, 51); font-size: 12px;"
                            >
                              Time taken to run the test.
                              <br />
                              Can be helpful to measure Time To Interactive of your app, if the test is checking app start for instance.
                            </div>
                          </div>
                        </div>
                      </div>
                    </div>
                  </div>
                </div>
              </th>
              <td
                class="MuiTableCell-root MuiTableCell-body MuiTableCell-alignRight MuiTableCell-sizeMedium css-1umlcas-MuiTableCell-root"
              >
                1000ms
              </td>
            </tr>
            <tr
              class="MuiTableRow-root css-34nofg-MuiTableRow-root"
            >
              <th
                class="MuiTableCell-root MuiTableCell-body MuiTableCell-sizeMedium css-gvg19x-MuiTableCell-root"
                scope="row"
              >
                <div
                  class="MuiPaper-root MuiPaper-elevation MuiPaper-rounded MuiPaper-elevation0 MuiAccordion-root MuiAccordion-rounded css-9sgtv1-MuiPaper-root-MuiAccordion-root"
                >
                  <div
                    aria-expanded="false"
                    class="MuiButtonBase-root MuiAccordionSummary-root css-1m6wnpa-MuiButtonBase-root-MuiAccordionSummary-root"
                    role="button"
                    tabindex="0"
                  >
                    <div
                      class="MuiAccordionSummary-content css-1betqn-MuiAccordionSummary-content"
                    >
                      Average FPS
                    </div>
                    <div
                      class="MuiAccordionSummary-expandIconWrapper css-yw020d-MuiAccordionSummary-expandIconWrapper"
                    >
                      <div
                        class="css-1iy8n0h"
                      >
                        <span />
                        <span />
                      </div>
                    </div>
                  </div>
                  <div
                    class="MuiCollapse-root MuiCollapse-vertical MuiCollapse-hidden css-bz4dnt-MuiCollapse-root"
                    style="min-height: 0px;"
                  >
                    <div
                      class="MuiCollapse-wrapper MuiCollapse-vertical css-smkl36-MuiCollapse-wrapper"
                    >
                      <div
                        class="MuiCollapse-wrapperInner MuiCollapse-vertical css-9l5vo-MuiCollapse-wrapperInner"
                      >
                        <div
                          class="MuiAccordion-region"
                          role="region"
                        >
                          <div
                            class="MuiAccordionDetails-root css-15v22id-MuiAccordionDetails-root"
                            style="padding: 2px;"
                          >
                            <div
                              style="font-weight: normal; color: rgb(51, 51, 51); font-size: 12px;"
                            >
                              Frame Per Second. Your app should display 60 Frames Per Second to give an impression of fluidity. This number should be close to 60, otherwise it will seem laggy. 
                              <br />
                              See
                               
                              <a
                                href="https://www.youtube.com/watch?v=CaMTIgxCSqU"
                                rel="noreferrer"
                                target="_blank"
                              >
                                this video
                              </a>
                               
                              for more details
                            </div>
                          </div>
                        </div>
                      </div>
                    </div>
                  </div>
                </div>
              </th>
              <td
                class="MuiTableCell-root MuiTableCell-body MuiTableCell-alignRight MuiTableCell-sizeMedium css-1umlcas-MuiTableCell-root"
              >
                60
              </td>
            </tr>
            <tr
              class="MuiTableRow-root css-34nofg-MuiTableRow-root"
            >
              <th
                class="MuiTableCell-root MuiTableCell-body MuiTableCell-sizeMedium css-gvg19x-MuiTableCell-root"
                scope="row"
              >
                <div
                  class="MuiPaper-root MuiPaper-elevation MuiPaper-rounded MuiPaper-elevation0 MuiAccordion-root MuiAccordion-rounded css-9sgtv1-MuiPaper-root-MuiAccordion-root"
                >
                  <div
                    aria-expanded="false"
                    class="MuiButtonBase-root MuiAccordionSummary-root css-1m6wnpa-MuiButtonBase-root-MuiAccordionSummary-root"
                    role="button"
                    tabindex="0"
                  >
                    <div
                      class="MuiAccordionSummary-content css-1betqn-MuiAccordionSummary-content"
                    >
                      Average CPU usage
                    </div>
                    <div
                      class="MuiAccordionSummary-expandIconWrapper css-yw020d-MuiAccordionSummary-expandIconWrapper"
                    >
                      <div
                        class="css-1iy8n0h"
                      >
                        <span />
                        <span />
                      </div>
                    </div>
                  </div>
                  <div
                    class="MuiCollapse-root MuiCollapse-vertical MuiCollapse-hidden css-bz4dnt-MuiCollapse-root"
                    style="min-height: 0px;"
                  >
                    <div
                      class="MuiCollapse-wrapper MuiCollapse-vertical css-smkl36-MuiCollapse-wrapper"
                    >
                      <div
                        class="MuiCollapse-wrapperInner MuiCollapse-vertical css-9l5vo-MuiCollapse-wrapperInner"
                      >
                        <div
                          class="MuiAccordion-region"
                          role="region"
                        >
                          <div
                            class="MuiAccordionDetails-root css-15v22id-MuiAccordionDetails-root"
                            style="padding: 2px;"
                          >
                            <div
                              style="font-weight: normal; color: rgb(51, 51, 51); font-size: 12px;"
                            >
                              An app might run at 60FPS but might be using too much processing power, so it's important to check CPU usage.
                              <br />
                               Depending on the device, this value can go up to
                               
                              <code>
                                100% x number of cores
                              </code>
                              . For instance, a Samsung A10s has 4 cores, so the max value would be 400%.
                            </div>
                          </div>
                        </div>
                      </div>
                    </div>
                  </div>
                </div>
              </th>
              <td
                class="MuiTableCell-root MuiTableCell-body MuiTableCell-alignRight MuiTableCell-sizeMedium css-1umlcas-MuiTableCell-root"
              >
                84%
              </td>
            </tr>
            <tr
              class="MuiTableRow-root css-34nofg-MuiTableRow-root"
            >
              <th
                class="MuiTableCell-root MuiTableCell-body MuiTableCell-sizeMedium css-gvg19x-MuiTableCell-root"
                scope="row"
              >
                <div
                  class="MuiPaper-root MuiPaper-elevation MuiPaper-rounded MuiPaper-elevation0 MuiAccordion-root MuiAccordion-rounded css-9sgtv1-MuiPaper-root-MuiAccordion-root"
                >
                  <div
                    aria-expanded="false"
                    class="MuiButtonBase-root MuiAccordionSummary-root css-1m6wnpa-MuiButtonBase-root-MuiAccordionSummary-root"
                    role="button"
                    tabindex="0"
                  >
                    <div
                      class="MuiAccordionSummary-content css-1betqn-MuiAccordionSummary-content"
                    >
                      Processes with high CPU usage detected
                    </div>
                    <div
                      class="MuiAccordionSummary-expandIconWrapper css-yw020d-MuiAccordionSummary-expandIconWrapper"
                    >
                      <div
                        class="css-1iy8n0h"
                      >
                        <span />
                        <span />
                      </div>
                    </div>
                  </div>
                  <div
                    class="MuiCollapse-root MuiCollapse-vertical MuiCollapse-hidden css-bz4dnt-MuiCollapse-root"
                    style="min-height: 0px;"
                  >
                    <div
                      class="MuiCollapse-wrapper MuiCollapse-vertical css-smkl36-MuiCollapse-wrapper"
                    >
                      <div
                        class="MuiCollapse-wrapperInner MuiCollapse-vertical css-9l5vo-MuiCollapse-wrapperInner"
                      >
                        <div
                          class="MuiAccordion-region"
                          role="region"
                        >
                          <div
                            class="MuiAccordionDetails-root css-15v22id-MuiAccordionDetails-root"
                            style="padding: 2px;"
                          >
                            <div
                              style="font-weight: normal; color: rgb(51, 51, 51); font-size: 12px;"
                            >
                              Your app might have low CPU usage overall but if one process is saturating a CPU core (using close to 100% CPU), you’re likely to experience unresponsiveness, for instance the app not responding to touch events.
                              <br />
                              One example of this is the JS thread being overworked in a React Native app, the app will become completely unresponsive even though FPS could still be 60.
                            </div>
                          </div>
                        </div>
                      </div>
                    </div>
                  </div>
                </div>
              </th>
              <td
                class="MuiTableCell-root MuiTableCell-body MuiTableCell-alignRight MuiTableCell-sizeMedium css-1umlcas-MuiTableCell-root"
              >
                <div
                  style="overflow-y: scroll; max-height: 100px;"
                >
                  <div
                    style="color: red;"
                  >
                    Total: 
                    0.5
                    s
                  </div>
                  <div>
                    <div>
                      mqt_js
                       for
                       
                      0.5
                      s
                    </div>
                  </div>
                </div>
              </td>
            </tr>
            <tr
              class="MuiTableRow-root css-34nofg-MuiTableRow-root"
            >
              <th
                class="MuiTableCell-root MuiTableCell-body MuiTableCell-sizeMedium css-gvg19x-MuiTableCell-root"
                scope="row"
              >
                <div
                  class="MuiPaper-root MuiPaper-elevation MuiPaper-rounded MuiPaper-elevation0 MuiAccordion-root MuiAccordion-rounded css-9sgtv1-MuiPaper-root-MuiAccordion-root"
                >
                  <div
                    aria-expanded="false"
                    class="MuiButtonBase-root MuiAccordionSummary-root css-1m6wnpa-MuiButtonBase-root-MuiAccordionSummary-root"
                    role="button"
                    tabindex="0"
                  >
                    <div
                      class="MuiAccordionSummary-content css-1betqn-MuiAccordionSummary-content"
                    >
                      Average RAM usage
                    </div>
                    <div
                      class="MuiAccordionSummary-expandIconWrapper css-yw020d-MuiAccordionSummary-expandIconWrapper"
                    >
                      <div
                        class="css-1iy8n0h"
                      >
                        <span />
                        <span />
                      </div>
                    </div>
                  </div>
                  <div
                    class="MuiCollapse-root MuiCollapse-vertical MuiCollapse-hidden css-bz4dnt-MuiCollapse-root"
                    style="min-height: 0px;"
                  >
                    <div
                      class="MuiCollapse-wrapper MuiCollapse-vertical css-smkl36-MuiCollapse-wrapper"
                    >
                      <div
                        class="MuiCollapse-wrapperInner MuiCollapse-vertical css-9l5vo-MuiCollapse-wrapperInner"
                      >
                        <div
                          class="MuiAccordion-region"
                          role="region"
                        >
                          <div
                            class="MuiAccordionDetails-root css-15v22id-MuiAccordionDetails-root"
                            style="padding: 2px;"
                          >
                            <div
                              style="font-weight: normal; color: rgb(51, 51, 51); font-size: 12px;"
                            >
                              If an app consumes a large amount of RAM (random-access memory), it can impact the overall performance of the device and drain the battery more quickly.
                              <br />
                              It’s worth noting that results might be higher than expected since we measure RSS and not PSS (See
                               
                              <a
                                href="https://github.com/bamlab/android-performance-profiler/issues/11#issuecomment-1219317891"
                                rel="noreferrer"
                                target="_blank"
                              >
                                here for more details
                              </a>
                              )
                            </div>
                          </div>
                        </div>
                      </div>
                    </div>
                  </div>
                </div>
              </th>
              <td
                class="MuiTableCell-root MuiTableCell-body MuiTableCell-alignRight MuiTableCell-sizeMedium css-1umlcas-MuiTableCell-root"
              >
                375.8MB
              </td>
            </tr>
          </tbody>
        </table>
      </div>
      <div
        class="css-1xehky4"
      />
      <div
        class="MuiPaper-root MuiPaper-elevation MuiPaper-rounded MuiPaper-elevation1 MuiAccordion-root MuiAccordion-rounded Mui-expanded MuiAccordion-gutters css-1elwnq4-MuiPaper-root-MuiAccordion-root"
      >
        <div
          aria-controls="panel1a-content"
          aria-expanded="true"
          class="MuiButtonBase-root MuiAccordionSummary-root Mui-expanded MuiAccordionSummary-gutters css-sh22l5-MuiButtonBase-root-MuiAccordionSummary-root"
          id="panel1a-header"
          role="button"
          tabindex="0"
        >
          <div
            class="MuiAccordionSummary-content Mui-expanded MuiAccordionSummary-contentGutters css-o4b71y-MuiAccordionSummary-content"
          >
            <h4
              class="MuiTypography-root MuiTypography-h4 css-1ybayhq-MuiTypography-root"
              style="color: rgb(102, 102, 102); margin: 10px;"
            >
              FPS
            </h4>
          </div>
          <div
            class="MuiAccordionSummary-expandIconWrapper Mui-expanded css-yw020d-MuiAccordionSummary-expandIconWrapper"
          >
            <svg
              aria-hidden="true"
              class="MuiSvgIcon-root MuiSvgIcon-fontSizeMedium css-i4bv87-MuiSvgIcon-root"
              data-testid="ExpandMoreIcon"
              focusable="false"
              viewBox="0 0 24 24"
            >
              <path
                d="M16.59 8.59 12 13.17 7.41 8.59 6 10l6 6 6-6z"
              />
            </svg>
          </div>
        </div>
        <div
          class="MuiCollapse-root MuiCollapse-vertical MuiCollapse-entered css-pwcg7p-MuiCollapse-root"
          style="min-height: 0px;"
        >
          <div
            class="MuiCollapse-wrapper MuiCollapse-vertical css-smkl36-MuiCollapse-wrapper"
          >
            <div
              class="MuiCollapse-wrapperInner MuiCollapse-vertical css-9l5vo-MuiCollapse-wrapperInner"
            >
              <div
                class="MuiAccordion-region"
                role="region"
              >
                <div
                  class="MuiAccordionDetails-root css-15v22id-MuiAccordionDetails-root"
                >
                  <apex-charts
                    height="500"
                    options="[object Object]"
                    series="[object Object]"
                    type="line"
                  />
                </div>
              </div>
            </div>
          </div>
        </div>
      </div>
      <div
        class="MuiPaper-root MuiPaper-elevation MuiPaper-rounded MuiPaper-elevation1 MuiAccordion-root MuiAccordion-rounded Mui-expanded MuiAccordion-gutters css-1elwnq4-MuiPaper-root-MuiAccordion-root"
      >
        <div
          aria-controls="panel1a-content"
          aria-expanded="true"
          class="MuiButtonBase-root MuiAccordionSummary-root Mui-expanded MuiAccordionSummary-gutters css-sh22l5-MuiButtonBase-root-MuiAccordionSummary-root"
          id="panel1a-header"
          role="button"
          tabindex="0"
        >
          <div
            class="MuiAccordionSummary-content Mui-expanded MuiAccordionSummary-contentGutters css-o4b71y-MuiAccordionSummary-content"
          >
            <h4
              class="MuiTypography-root MuiTypography-h4 css-1ybayhq-MuiTypography-root"
              style="color: rgb(102, 102, 102); margin: 10px;"
            >
              CPU
            </h4>
          </div>
          <div
            class="MuiAccordionSummary-expandIconWrapper Mui-expanded css-yw020d-MuiAccordionSummary-expandIconWrapper"
          >
            <svg
              aria-hidden="true"
              class="MuiSvgIcon-root MuiSvgIcon-fontSizeMedium css-i4bv87-MuiSvgIcon-root"
              data-testid="ExpandMoreIcon"
              focusable="false"
              viewBox="0 0 24 24"
            >
              <path
                d="M16.59 8.59 12 13.17 7.41 8.59 6 10l6 6 6-6z"
              />
            </svg>
          </div>
        </div>
        <div
          class="MuiCollapse-root MuiCollapse-vertical MuiCollapse-entered css-pwcg7p-MuiCollapse-root"
          style="min-height: 0px;"
        >
          <div
            class="MuiCollapse-wrapper MuiCollapse-vertical css-smkl36-MuiCollapse-wrapper"
          >
            <div
              class="MuiCollapse-wrapperInner MuiCollapse-vertical css-9l5vo-MuiCollapse-wrapperInner"
            >
              <div
                class="MuiAccordion-region"
                role="region"
              >
                <div
                  class="MuiAccordionDetails-root css-15v22id-MuiAccordionDetails-root"
                >
                  <apex-charts
                    height="500"
                    options="[object Object]"
                    series="[object Object]"
                    type="line"
                  />
                  <apex-charts
                    height="500"
                    options="[object Object]"
                    series="[object Object]"
                    type="line"
                  />
                  <div
                    class="MuiPaper-root MuiPaper-elevation MuiPaper-rounded MuiPaper-elevation1 MuiAccordion-root MuiAccordion-rounded MuiAccordion-gutters css-1elwnq4-MuiPaper-root-MuiAccordion-root"
                  >
                    <div
                      aria-controls="panel1a-content"
                      aria-expanded="false"
                      class="MuiButtonBase-root MuiAccordionSummary-root MuiAccordionSummary-gutters css-sh22l5-MuiButtonBase-root-MuiAccordionSummary-root"
                      id="panel1a-header"
                      role="button"
                      tabindex="0"
                    >
                      <div
                        class="MuiAccordionSummary-content MuiAccordionSummary-contentGutters css-o4b71y-MuiAccordionSummary-content"
                      >
                        <h4
                          class="MuiTypography-root MuiTypography-h4 css-1ybayhq-MuiTypography-root"
                          style="color: rgb(102, 102, 102); margin: 10px;"
                        >
                          Threads
                        </h4>
                      </div>
                      <div
                        class="MuiAccordionSummary-expandIconWrapper css-yw020d-MuiAccordionSummary-expandIconWrapper"
                      >
                        <svg
                          aria-hidden="true"
                          class="MuiSvgIcon-root MuiSvgIcon-fontSizeMedium css-i4bv87-MuiSvgIcon-root"
                          data-testid="ExpandMoreIcon"
                          focusable="false"
                          viewBox="0 0 24 24"
                        >
                          <path
                            d="M16.59 8.59 12 13.17 7.41 8.59 6 10l6 6 6-6z"
                          />
                        </svg>
                      </div>
                    </div>
                  </div>
                </div>
              </div>
            </div>
          </div>
        </div>
      </div>
      <div
        class="MuiPaper-root MuiPaper-elevation MuiPaper-rounded MuiPaper-elevation1 MuiAccordion-root MuiAccordion-rounded Mui-expanded MuiAccordion-gutters css-1elwnq4-MuiPaper-root-MuiAccordion-root"
      >
        <div
          aria-controls="panel1a-content"
          aria-expanded="true"
          class="MuiButtonBase-root MuiAccordionSummary-root Mui-expanded MuiAccordionSummary-gutters css-sh22l5-MuiButtonBase-root-MuiAccordionSummary-root"
          id="panel1a-header"
          role="button"
          tabindex="0"
        >
          <div
            class="MuiAccordionSummary-content Mui-expanded MuiAccordionSummary-contentGutters css-o4b71y-MuiAccordionSummary-content"
          >
            <h4
              class="MuiTypography-root MuiTypography-h4 css-1ybayhq-MuiTypography-root"
              style="color: rgb(102, 102, 102); margin: 10px;"
            >
              RAM
            </h4>
          </div>
          <div
            class="MuiAccordionSummary-expandIconWrapper Mui-expanded css-yw020d-MuiAccordionSummary-expandIconWrapper"
          >
            <svg
              aria-hidden="true"
              class="MuiSvgIcon-root MuiSvgIcon-fontSizeMedium css-i4bv87-MuiSvgIcon-root"
              data-testid="ExpandMoreIcon"
              focusable="false"
              viewBox="0 0 24 24"
            >
              <path
                d="M16.59 8.59 12 13.17 7.41 8.59 6 10l6 6 6-6z"
              />
            </svg>
          </div>
        </div>
        <div
          class="MuiCollapse-root MuiCollapse-vertical MuiCollapse-entered css-pwcg7p-MuiCollapse-root"
          style="min-height: 0px;"
        >
          <div
            class="MuiCollapse-wrapper MuiCollapse-vertical css-smkl36-MuiCollapse-wrapper"
          >
            <div
              class="MuiCollapse-wrapperInner MuiCollapse-vertical css-9l5vo-MuiCollapse-wrapperInner"
            >
              <div
                class="MuiAccordion-region"
                role="region"
              >
                <div
                  class="MuiAccordionDetails-root css-15v22id-MuiAccordionDetails-root"
                >
                  <apex-charts
                    height="500"
                    options="[object Object]"
                    series="[object Object]"
                    type="line"
                  />
                </div>
              </div>
            </div>
          </div>
        </div>
      </div>
    </div>
  </div>
</body>
`;
