// Jest Snapshot v1, https://goo.gl/fbAQLP

exports[`PerformanceMeasurer handles c++ errors correctly 1`] = `
[
  {
    "cpu": {
      "perCore": {
        "0": 12,
        "1": 2,
        "2": 0,
        "3": 50,
        "4": 0,
        "6": 100,
        "7": 2,
      },
      "perName": {
        "ADB-JDWP Connec": 0,
        "AsyncTask #1": 0,
        "BMScavenger": 0,
        "Binder #1": 0,
        "Binder #2": 0,
        "Binder #2 (2)": 0,
        "Binder #3": 0,
        "Binder #4": 0,
        "Binder #5": 0,
        "CookieMonsterBa": 0,
        "CookieMonsterCl": 0,
        "FinalizerDaemon": 0,
        "FinalizerWatchd": 0,
        "FlipperConnecti": 0,
        "FlipperEventBas": 0,
        "FutureTimekeepr": 0,
        "HeapTaskDaemon": 0,
        "HybridData Dest": 0,
        "JITWorker": 0,
        "Jit thread pool": 2,
        "OkHttp Dispatch": 2,
        "OkHttp Dispatch (2)": 4,
        "OkHttp TaskRunn": 0,
        "Profile Saver": 0,
        "ReferenceQueueD": 0,
        "RenderThread": 6,
        "Signal Catcher": 0,
        "alhost:8097/...": 0,
        "com.example": 48,
        "hwuiTask0": 0,
        "hwuiTask1": 0,
        "mali-cmar-backe": 2,
        "mali-mem-purge": 0,
        "mali-utility-wo": 0,
        "mali-utility-wo (2)": 0,
        "mali-utility-wo (3)": 0,
        "mali-utility-wo (4)": 0,
        "mqt_js": 100,
        "mqt_native_modu": 2,
        "perfetto_hprof_": 0,
        "queued-work-loo": 0,
        "queued-work-loo (2)": 0,
        "queued-work-loo (3)": 0,
      },
    },
    "fps": 60,
    "ram": 375.76171875,
    "time": 500,
  },
  {
    "cpu": {
      "perCore": {
        "0": 0,
        "1": 0,
        "2": 0,
        "3": 0,
        "4": 0,
        "6": 0,
        "7": 0,
      },
      "perName": {
        "ADB-JDWP Connec": 0,
        "AsyncTask #1": 0,
        "BMScavenger": 0,
        "Binder #1": 0,
        "Binder #2": 0,
        "Binder #2 (2)": 0,
        "Binder #3": 0,
        "Binder #4": 0,
        "Binder #5": 0,
        "CookieMonsterBa": 0,
        "CookieMonsterCl": 0,
        "FinalizerDaemon": 0,
        "FinalizerWatchd": 0,
        "FlipperConnecti": 0,
        "FlipperEventBas": 0,
        "FutureTimekeepr": 0,
        "HeapTaskDaemon": 0,
        "HybridData Dest": 0,
        "JITWorker": 0,
        "Jit thread pool": 0,
        "OkHttp Dispatch": 0,
        "OkHttp Dispatch (2)": 0,
        "OkHttp TaskRunn": 0,
        "Profile Saver": 0,
        "ReferenceQueueD": 0,
        "RenderThread": 0,
        "Signal Catcher": 0,
        "alhost:8097/...": 0,
        "com.example": 0,
        "hwuiTask0": 0,
        "hwuiTask1": 0,
        "mali-cmar-backe": 0,
        "mali-mem-purge": 0,
        "mali-utility-wo": 0,
        "mali-utility-wo (2)": 0,
        "mali-utility-wo (3)": 0,
        "mali-utility-wo (4)": 0,
        "mqt_js": 0,
        "mqt_native_modu": 0,
        "perfetto_hprof_": 0,
        "queued-work-loo": 0,
        "queued-work-loo (2)": 0,
        "queued-work-loo (3)": 0,
      },
    },
    "fps": 60,
    "ram": 375.76171875,
    "time": 1000,
  },
]
`;
